Archive member included because of file (symbol)

c:/users/20101/desktop/study/embedded/avr material/sdk_win_64/sdk_win_64/sdk_win_64/winavr/bin/../lib/gcc/avr/4.3.3/avr5\libgcc.a(_udivmodqi4.o)
                              ./Mcal/Dio/Dio.o (__udivmodqi4)
c:/users/20101/desktop/study/embedded/avr material/sdk_win_64/sdk_win_64/sdk_win_64/winavr/bin/../lib/gcc/avr/4.3.3/avr5\libgcc.a(_udivmodhi4.o)
                              ./Hal/LCD/LCD.o (__udivmodhi4)
c:/users/20101/desktop/study/embedded/avr material/sdk_win_64/sdk_win_64/sdk_win_64/winavr/bin/../lib/gcc/avr/4.3.3/avr5\libgcc.a(_divmodhi4.o)
                              ./Mcal/Timer/Timer_Prog.o (__divmodhi4)
c:/users/20101/desktop/study/embedded/avr material/sdk_win_64/sdk_win_64/sdk_win_64/winavr/bin/../lib/gcc/avr/4.3.3/avr5\libgcc.a(_divmodsi4.o)
                              ./Hal/LCD/LCD.o (__divmodsi4)
c:/users/20101/desktop/study/embedded/avr material/sdk_win_64/sdk_win_64/sdk_win_64/winavr/bin/../lib/gcc/avr/4.3.3/avr5\libgcc.a(_exit.o)
                              c:/users/20101/desktop/study/embedded/avr material/sdk_win_64/sdk_win_64/sdk_win_64/winavr/bin/../lib/gcc/avr/4.3.3/../../../../avr/lib/avr5/crtm32.o (exit)
c:/users/20101/desktop/study/embedded/avr material/sdk_win_64/sdk_win_64/sdk_win_64/winavr/bin/../lib/gcc/avr/4.3.3/avr5\libgcc.a(_copy_data.o)
                              ./Tasks/Fan_control.o (__do_copy_data)
c:/users/20101/desktop/study/embedded/avr material/sdk_win_64/sdk_win_64/sdk_win_64/winavr/bin/../lib/gcc/avr/4.3.3/avr5\libgcc.a(_clear_bss.o)
                              ./Tasks/Fan_control.o (__do_clear_bss)
c:/users/20101/desktop/study/embedded/avr material/sdk_win_64/sdk_win_64/sdk_win_64/winavr/bin/../lib/gcc/avr/4.3.3/avr5\libgcc.a(_fixunssfsi.o)
                              ./Hal/TempSensor/TempSensor.o (__fixunssfsi)
c:/users/20101/desktop/study/embedded/avr material/sdk_win_64/sdk_win_64/sdk_win_64/winavr/bin/../lib/gcc/avr/4.3.3/avr5\libgcc.a(_addsub_sf.o)
                              ./Hal/LCD/LCD.o (__subsf3)
c:/users/20101/desktop/study/embedded/avr material/sdk_win_64/sdk_win_64/sdk_win_64/winavr/bin/../lib/gcc/avr/4.3.3/avr5\libgcc.a(_mul_sf.o)
                              ./Hal/TempSensor/TempSensor.o (__mulsf3)
c:/users/20101/desktop/study/embedded/avr material/sdk_win_64/sdk_win_64/sdk_win_64/winavr/bin/../lib/gcc/avr/4.3.3/avr5\libgcc.a(_div_sf.o)
                              ./Hal/TempSensor/TempSensor.o (__divsf3)
c:/users/20101/desktop/study/embedded/avr material/sdk_win_64/sdk_win_64/sdk_win_64/winavr/bin/../lib/gcc/avr/4.3.3/avr5\libgcc.a(_eq_sf.o)
                              ./Hal/LCD/LCD.o (__eqsf2)
c:/users/20101/desktop/study/embedded/avr material/sdk_win_64/sdk_win_64/sdk_win_64/winavr/bin/../lib/gcc/avr/4.3.3/avr5\libgcc.a(_ge_sf.o)
                              c:/users/20101/desktop/study/embedded/avr material/sdk_win_64/sdk_win_64/sdk_win_64/winavr/bin/../lib/gcc/avr/4.3.3/avr5\libgcc.a(_fixunssfsi.o) (__gesf2)
c:/users/20101/desktop/study/embedded/avr material/sdk_win_64/sdk_win_64/sdk_win_64/winavr/bin/../lib/gcc/avr/4.3.3/avr5\libgcc.a(_lt_sf.o)
                              ./Hal/LCD/LCD.o (__ltsf2)
c:/users/20101/desktop/study/embedded/avr material/sdk_win_64/sdk_win_64/sdk_win_64/winavr/bin/../lib/gcc/avr/4.3.3/avr5\libgcc.a(_si_to_sf.o)
                              ./Tasks/PassWord.o (__floatsisf)
c:/users/20101/desktop/study/embedded/avr material/sdk_win_64/sdk_win_64/sdk_win_64/winavr/bin/../lib/gcc/avr/4.3.3/avr5\libgcc.a(_sf_to_si.o)
                              ./Hal/LCD/LCD.o (__fixsfsi)
c:/users/20101/desktop/study/embedded/avr material/sdk_win_64/sdk_win_64/sdk_win_64/winavr/bin/../lib/gcc/avr/4.3.3/avr5\libgcc.a(_thenan_sf.o)
                              c:/users/20101/desktop/study/embedded/avr material/sdk_win_64/sdk_win_64/sdk_win_64/winavr/bin/../lib/gcc/avr/4.3.3/avr5\libgcc.a(_addsub_sf.o) (__thenan_sf)
c:/users/20101/desktop/study/embedded/avr material/sdk_win_64/sdk_win_64/sdk_win_64/winavr/bin/../lib/gcc/avr/4.3.3/avr5\libgcc.a(_usi_to_sf.o)
                              ./Tasks/Fan_control.o (__floatunsisf)
c:/users/20101/desktop/study/embedded/avr material/sdk_win_64/sdk_win_64/sdk_win_64/winavr/bin/../lib/gcc/avr/4.3.3/avr5\libgcc.a(_udivmodsi4.o)
                              c:/users/20101/desktop/study/embedded/avr material/sdk_win_64/sdk_win_64/sdk_win_64/winavr/bin/../lib/gcc/avr/4.3.3/avr5\libgcc.a(_divmodsi4.o) (__udivmodsi4)
c:/users/20101/desktop/study/embedded/avr material/sdk_win_64/sdk_win_64/sdk_win_64/winavr/bin/../lib/gcc/avr/4.3.3/avr5\libgcc.a(_prologue.o)
                              c:/users/20101/desktop/study/embedded/avr material/sdk_win_64/sdk_win_64/sdk_win_64/winavr/bin/../lib/gcc/avr/4.3.3/avr5\libgcc.a(_addsub_sf.o) (__prologue_saves__)
c:/users/20101/desktop/study/embedded/avr material/sdk_win_64/sdk_win_64/sdk_win_64/winavr/bin/../lib/gcc/avr/4.3.3/avr5\libgcc.a(_epilogue.o)
                              c:/users/20101/desktop/study/embedded/avr material/sdk_win_64/sdk_win_64/sdk_win_64/winavr/bin/../lib/gcc/avr/4.3.3/avr5\libgcc.a(_addsub_sf.o) (__epilogue_restores__)
c:/users/20101/desktop/study/embedded/avr material/sdk_win_64/sdk_win_64/sdk_win_64/winavr/bin/../lib/gcc/avr/4.3.3/avr5\libgcc.a(_clzsi2.o)
                              c:/users/20101/desktop/study/embedded/avr material/sdk_win_64/sdk_win_64/sdk_win_64/winavr/bin/../lib/gcc/avr/4.3.3/avr5\libgcc.a(_si_to_sf.o) (__clzsi2)
c:/users/20101/desktop/study/embedded/avr material/sdk_win_64/sdk_win_64/sdk_win_64/winavr/bin/../lib/gcc/avr/4.3.3/avr5\libgcc.a(_pack_sf.o)
                              c:/users/20101/desktop/study/embedded/avr material/sdk_win_64/sdk_win_64/sdk_win_64/winavr/bin/../lib/gcc/avr/4.3.3/avr5\libgcc.a(_addsub_sf.o) (__pack_f)
c:/users/20101/desktop/study/embedded/avr material/sdk_win_64/sdk_win_64/sdk_win_64/winavr/bin/../lib/gcc/avr/4.3.3/avr5\libgcc.a(_unpack_sf.o)
                              c:/users/20101/desktop/study/embedded/avr material/sdk_win_64/sdk_win_64/sdk_win_64/winavr/bin/../lib/gcc/avr/4.3.3/avr5\libgcc.a(_addsub_sf.o) (__unpack_f)
c:/users/20101/desktop/study/embedded/avr material/sdk_win_64/sdk_win_64/sdk_win_64/winavr/bin/../lib/gcc/avr/4.3.3/avr5\libgcc.a(_fpcmp_parts_sf.o)
                              c:/users/20101/desktop/study/embedded/avr material/sdk_win_64/sdk_win_64/sdk_win_64/winavr/bin/../lib/gcc/avr/4.3.3/avr5\libgcc.a(_eq_sf.o) (__fpcmp_parts_f)
c:/users/20101/desktop/study/embedded/avr material/sdk_win_64/sdk_win_64/sdk_win_64/winavr/bin/../lib/gcc/avr/4.3.3/avr5\libgcc.a(_clz.o)
                              c:/users/20101/desktop/study/embedded/avr material/sdk_win_64/sdk_win_64/sdk_win_64/winavr/bin/../lib/gcc/avr/4.3.3/avr5\libgcc.a(_clzsi2.o) (__clz_tab)

Memory Configuration

Name             Origin             Length             Attributes
text             0x00000000         0x00020000         xr
data             0x00800060         0x0000ffa0         rw !x
eeprom           0x00810000         0x00010000         rw !x
fuse             0x00820000         0x00000400         rw !x
lock             0x00830000         0x00000400         rw !x
signature        0x00840000         0x00000400         rw !x
*default*        0x00000000         0xffffffff

Linker script and memory map

LOAD c:/users/20101/desktop/study/embedded/avr material/sdk_win_64/sdk_win_64/sdk_win_64/winavr/bin/../lib/gcc/avr/4.3.3/../../../../avr/lib/avr5/crtm32.o
LOAD ./Tasks/Fan_control.o
LOAD ./Tasks/Led_Control.o
LOAD ./Tasks/PassWord.o
LOAD ./Mcal/Timer/Timer_Prog.o
LOAD ./Mcal/GIE/GIE_Prog.o
LOAD ./Mcal/ExtInt/ExtInt.o
LOAD ./Mcal/Dio/Dio.o
LOAD ./Mcal/ADC/ADC.o
LOAD ./Hal/TempSensor/TempSensor.o
LOAD ./Hal/SSD/SSD.o
LOAD ./Hal/Relay/Relay.o
LOAD ./Hal/PushButton/PushButton.o
LOAD ./Hal/Led/Led.o
LOAD ./Hal/LCD/LCD.o
LOAD ./Hal/KeyPad/KEyPad.o
LOAD ./Hal/Buzzer/Buzzer.o
LOAD ./App/main.o
LOAD c:/users/20101/desktop/study/embedded/avr material/sdk_win_64/sdk_win_64/sdk_win_64/winavr/bin/../lib/gcc/avr/4.3.3/avr5\libgcc.a
LOAD c:/users/20101/desktop/study/embedded/avr material/sdk_win_64/sdk_win_64/sdk_win_64/winavr/bin/../lib/gcc/avr/4.3.3/../../../../avr/lib/avr5\libc.a
LOAD c:/users/20101/desktop/study/embedded/avr material/sdk_win_64/sdk_win_64/sdk_win_64/winavr/bin/../lib/gcc/avr/4.3.3/avr5\libgcc.a

.hash
 *(.hash)

.dynsym
 *(.dynsym)

.dynstr
 *(.dynstr)

.gnu.version
 *(.gnu.version)

.gnu.version_d
 *(.gnu.version_d)

.gnu.version_r
 *(.gnu.version_r)

.rel.init
 *(.rel.init)

.rela.init
 *(.rela.init)

.rel.text
 *(.rel.text)
 *(.rel.text.*)
 *(.rel.gnu.linkonce.t*)

.rela.text
 *(.rela.text)
 *(.rela.text.*)
 *(.rela.gnu.linkonce.t*)

.rel.fini
 *(.rel.fini)

.rela.fini
 *(.rela.fini)

.rel.rodata
 *(.rel.rodata)
 *(.rel.rodata.*)
 *(.rel.gnu.linkonce.r*)

.rela.rodata
 *(.rela.rodata)
 *(.rela.rodata.*)
 *(.rela.gnu.linkonce.r*)

.rel.data
 *(.rel.data)
 *(.rel.data.*)
 *(.rel.gnu.linkonce.d*)

.rela.data
 *(.rela.data)
 *(.rela.data.*)
 *(.rela.gnu.linkonce.d*)

.rel.ctors
 *(.rel.ctors)

.rela.ctors
 *(.rela.ctors)

.rel.dtors
 *(.rel.dtors)

.rela.dtors
 *(.rela.dtors)

.rel.got
 *(.rel.got)

.rela.got
 *(.rela.got)

.rel.bss
 *(.rel.bss)

.rela.bss
 *(.rela.bss)

.rel.plt
 *(.rel.plt)

.rela.plt
 *(.rela.plt)

.text           0x00000000     0x2c4e
 *(.vectors)
 .vectors       0x00000000       0x54 c:/users/20101/desktop/study/embedded/avr material/sdk_win_64/sdk_win_64/sdk_win_64/winavr/bin/../lib/gcc/avr/4.3.3/../../../../avr/lib/avr5/crtm32.o
                0x00000000                __vectors
                0x00000000                __vector_default
 *(.vectors)
 *(.progmem.gcc*)
 *(.progmem*)
                0x00000054                . = ALIGN (0x2)
                0x00000054                __trampolines_start = .
 *(.trampolines)
 .trampolines   0x00000054        0x0 linker stubs
 *(.trampolines*)
                0x00000054                __trampolines_end = .
 *(.jumptables)
 *(.jumptables*)
 *(.lowtext)
 *(.lowtext*)
                0x00000054                __ctors_start = .
 *(.ctors)
                0x00000054                __ctors_end = .
                0x00000054                __dtors_start = .
 *(.dtors)
                0x00000054                __dtors_end = .
 SORT(*)(.ctors)
 SORT(*)(.dtors)
 *(.init0)
 .init0         0x00000054        0x0 c:/users/20101/desktop/study/embedded/avr material/sdk_win_64/sdk_win_64/sdk_win_64/winavr/bin/../lib/gcc/avr/4.3.3/../../../../avr/lib/avr5/crtm32.o
                0x00000054                __init
 *(.init0)
 *(.init1)
 *(.init1)
 *(.init2)
 .init2         0x00000054        0xc c:/users/20101/desktop/study/embedded/avr material/sdk_win_64/sdk_win_64/sdk_win_64/winavr/bin/../lib/gcc/avr/4.3.3/../../../../avr/lib/avr5/crtm32.o
 *(.init2)
 *(.init3)
 *(.init3)
 *(.init4)
 .init4         0x00000060       0x16 c:/users/20101/desktop/study/embedded/avr material/sdk_win_64/sdk_win_64/sdk_win_64/winavr/bin/../lib/gcc/avr/4.3.3/avr5\libgcc.a(_copy_data.o)
                0x00000060                __do_copy_data
 .init4         0x00000076       0x10 c:/users/20101/desktop/study/embedded/avr material/sdk_win_64/sdk_win_64/sdk_win_64/winavr/bin/../lib/gcc/avr/4.3.3/avr5\libgcc.a(_clear_bss.o)
                0x00000076                __do_clear_bss
 *(.init4)
 *(.init5)
 *(.init5)
 *(.init6)
 *(.init6)
 *(.init7)
 *(.init7)
 *(.init8)
 *(.init8)
 *(.init9)
 .init9         0x00000086        0x8 c:/users/20101/desktop/study/embedded/avr material/sdk_win_64/sdk_win_64/sdk_win_64/winavr/bin/../lib/gcc/avr/4.3.3/../../../../avr/lib/avr5/crtm32.o
 *(.init9)
 *(.text)
 .text          0x0000008e        0x4 c:/users/20101/desktop/study/embedded/avr material/sdk_win_64/sdk_win_64/sdk_win_64/winavr/bin/../lib/gcc/avr/4.3.3/../../../../avr/lib/avr5/crtm32.o
                0x0000008e                __vector_12
                0x0000008e                __bad_interrupt
                0x0000008e                __vector_3
                0x0000008e                __vector_13
                0x0000008e                __vector_17
                0x0000008e                __vector_19
                0x0000008e                __vector_7
                0x0000008e                __vector_5
                0x0000008e                __vector_4
                0x0000008e                __vector_9
                0x0000008e                __vector_2
                0x0000008e                __vector_15
                0x0000008e                __vector_8
                0x0000008e                __vector_14
                0x0000008e                __vector_16
                0x0000008e                __vector_18
                0x0000008e                __vector_20
 .text          0x00000092        0x0 ./Tasks/Fan_control.o
 .text          0x00000092        0x0 ./Tasks/Led_Control.o
 .text          0x00000092        0x0 ./Tasks/PassWord.o
 .text          0x00000092        0x0 ./Mcal/Timer/Timer_Prog.o
 .text          0x00000092        0x0 ./Mcal/GIE/GIE_Prog.o
 .text          0x00000092        0x0 ./Mcal/ExtInt/ExtInt.o
 .text          0x00000092        0x0 ./Mcal/Dio/Dio.o
 .text          0x00000092        0x0 ./Mcal/ADC/ADC.o
 .text          0x00000092        0x0 ./Hal/TempSensor/TempSensor.o
 .text          0x00000092        0x0 ./Hal/SSD/SSD.o
 .text          0x00000092        0x0 ./Hal/Relay/Relay.o
 .text          0x00000092        0x0 ./Hal/PushButton/PushButton.o
 .text          0x00000092        0x0 ./Hal/Led/Led.o
 .text          0x00000092        0x0 ./Hal/LCD/LCD.o
 .text          0x00000092        0x0 ./Hal/KeyPad/KEyPad.o
 .text          0x00000092        0x0 ./Hal/Buzzer/Buzzer.o
 .text          0x00000092        0x0 ./App/main.o
 .text          0x00000092        0x0 c:/users/20101/desktop/study/embedded/avr material/sdk_win_64/sdk_win_64/sdk_win_64/winavr/bin/../lib/gcc/avr/4.3.3/avr5\libgcc.a(_udivmodqi4.o)
 .text          0x00000092        0x0 c:/users/20101/desktop/study/embedded/avr material/sdk_win_64/sdk_win_64/sdk_win_64/winavr/bin/../lib/gcc/avr/4.3.3/avr5\libgcc.a(_udivmodhi4.o)
 .text          0x00000092        0x0 c:/users/20101/desktop/study/embedded/avr material/sdk_win_64/sdk_win_64/sdk_win_64/winavr/bin/../lib/gcc/avr/4.3.3/avr5\libgcc.a(_divmodhi4.o)
 .text          0x00000092        0x0 c:/users/20101/desktop/study/embedded/avr material/sdk_win_64/sdk_win_64/sdk_win_64/winavr/bin/../lib/gcc/avr/4.3.3/avr5\libgcc.a(_divmodsi4.o)
 .text          0x00000092        0x0 c:/users/20101/desktop/study/embedded/avr material/sdk_win_64/sdk_win_64/sdk_win_64/winavr/bin/../lib/gcc/avr/4.3.3/avr5\libgcc.a(_exit.o)
 .text          0x00000092        0x0 c:/users/20101/desktop/study/embedded/avr material/sdk_win_64/sdk_win_64/sdk_win_64/winavr/bin/../lib/gcc/avr/4.3.3/avr5\libgcc.a(_copy_data.o)
 .text          0x00000092        0x0 c:/users/20101/desktop/study/embedded/avr material/sdk_win_64/sdk_win_64/sdk_win_64/winavr/bin/../lib/gcc/avr/4.3.3/avr5\libgcc.a(_clear_bss.o)
 .text          0x00000092       0x58 c:/users/20101/desktop/study/embedded/avr material/sdk_win_64/sdk_win_64/sdk_win_64/winavr/bin/../lib/gcc/avr/4.3.3/avr5\libgcc.a(_fixunssfsi.o)
                0x00000092                __fixunssfsi
 .text          0x000000ea      0x354 c:/users/20101/desktop/study/embedded/avr material/sdk_win_64/sdk_win_64/sdk_win_64/winavr/bin/../lib/gcc/avr/4.3.3/avr5\libgcc.a(_addsub_sf.o)
                0x00000382                __subsf3
                0x000003e4                __addsf3
 .text          0x0000043e      0x1f4 c:/users/20101/desktop/study/embedded/avr material/sdk_win_64/sdk_win_64/sdk_win_64/winavr/bin/../lib/gcc/avr/4.3.3/avr5\libgcc.a(_mul_sf.o)
                0x0000043e                __mulsf3
 .text          0x00000632      0x158 c:/users/20101/desktop/study/embedded/avr material/sdk_win_64/sdk_win_64/sdk_win_64/winavr/bin/../lib/gcc/avr/4.3.3/avr5\libgcc.a(_div_sf.o)
                0x00000632                __divsf3
 .text          0x0000078a       0x60 c:/users/20101/desktop/study/embedded/avr material/sdk_win_64/sdk_win_64/sdk_win_64/winavr/bin/../lib/gcc/avr/4.3.3/avr5\libgcc.a(_eq_sf.o)
                0x0000078a                __eqsf2
 .text          0x000007ea       0x60 c:/users/20101/desktop/study/embedded/avr material/sdk_win_64/sdk_win_64/sdk_win_64/winavr/bin/../lib/gcc/avr/4.3.3/avr5\libgcc.a(_ge_sf.o)
                0x000007ea                __gesf2
 .text          0x0000084a       0x60 c:/users/20101/desktop/study/embedded/avr material/sdk_win_64/sdk_win_64/sdk_win_64/winavr/bin/../lib/gcc/avr/4.3.3/avr5\libgcc.a(_lt_sf.o)
                0x0000084a                __ltsf2
 .text          0x000008aa       0xbc c:/users/20101/desktop/study/embedded/avr material/sdk_win_64/sdk_win_64/sdk_win_64/winavr/bin/../lib/gcc/avr/4.3.3/avr5\libgcc.a(_si_to_sf.o)
                0x000008aa                __floatsisf
 .text          0x00000966       0xa8 c:/users/20101/desktop/study/embedded/avr material/sdk_win_64/sdk_win_64/sdk_win_64/winavr/bin/../lib/gcc/avr/4.3.3/avr5\libgcc.a(_sf_to_si.o)
                0x00000966                __fixsfsi
 .text          0x00000a0e        0x0 c:/users/20101/desktop/study/embedded/avr material/sdk_win_64/sdk_win_64/sdk_win_64/winavr/bin/../lib/gcc/avr/4.3.3/avr5\libgcc.a(_thenan_sf.o)
 .text          0x00000a0e       0xf2 c:/users/20101/desktop/study/embedded/avr material/sdk_win_64/sdk_win_64/sdk_win_64/winavr/bin/../lib/gcc/avr/4.3.3/avr5\libgcc.a(_usi_to_sf.o)
                0x00000a0e                __floatunsisf
 .text          0x00000b00        0x0 c:/users/20101/desktop/study/embedded/avr material/sdk_win_64/sdk_win_64/sdk_win_64/winavr/bin/../lib/gcc/avr/4.3.3/avr5\libgcc.a(_udivmodsi4.o)
 .text          0x00000b00        0x0 c:/users/20101/desktop/study/embedded/avr material/sdk_win_64/sdk_win_64/sdk_win_64/winavr/bin/../lib/gcc/avr/4.3.3/avr5\libgcc.a(_prologue.o)
 .text          0x00000b00        0x0 c:/users/20101/desktop/study/embedded/avr material/sdk_win_64/sdk_win_64/sdk_win_64/winavr/bin/../lib/gcc/avr/4.3.3/avr5\libgcc.a(_epilogue.o)
 .text          0x00000b00       0x9e c:/users/20101/desktop/study/embedded/avr material/sdk_win_64/sdk_win_64/sdk_win_64/winavr/bin/../lib/gcc/avr/4.3.3/avr5\libgcc.a(_clzsi2.o)
                0x00000b00                __clzsi2
 .text          0x00000b9e      0x1aa c:/users/20101/desktop/study/embedded/avr material/sdk_win_64/sdk_win_64/sdk_win_64/winavr/bin/../lib/gcc/avr/4.3.3/avr5\libgcc.a(_pack_sf.o)
                0x00000b9e                __pack_f
 .text          0x00000d48       0xf0 c:/users/20101/desktop/study/embedded/avr material/sdk_win_64/sdk_win_64/sdk_win_64/winavr/bin/../lib/gcc/avr/4.3.3/avr5\libgcc.a(_unpack_sf.o)
                0x00000d48                __unpack_f
 .text          0x00000e38       0xb2 c:/users/20101/desktop/study/embedded/avr material/sdk_win_64/sdk_win_64/sdk_win_64/winavr/bin/../lib/gcc/avr/4.3.3/avr5\libgcc.a(_fpcmp_parts_sf.o)
                0x00000e38                __fpcmp_parts_f
 .text          0x00000eea        0x0 c:/users/20101/desktop/study/embedded/avr material/sdk_win_64/sdk_win_64/sdk_win_64/winavr/bin/../lib/gcc/avr/4.3.3/avr5\libgcc.a(_clz.o)
                0x00000eea                . = ALIGN (0x2)
 *(.text.*)
 .text.Fan_Control
                0x00000eea       0xac ./Tasks/Fan_control.o
                0x00000eea                Fan_Control
 .text.led_control
                0x00000f96       0xf2 ./Tasks/Led_Control.o
                0x00000f96                led_control
 .text.PassWord
                0x00001088      0x260 ./Tasks/PassWord.o
                0x00001088                PassWord
 .text.M_Timer0_Void_Init
                0x000012e8       0x18 ./Mcal/Timer/Timer_Prog.o
                0x000012e8                M_Timer0_Void_Init
 .text.M_Timer0_Void_StartTimer
                0x00001300        0xe ./Mcal/Timer/Timer_Prog.o
                0x00001300                M_Timer0_Void_StartTimer
 .text.M_Timer0_Void_StopTimer
                0x0000130e        0xc ./Mcal/Timer/Timer_Prog.o
                0x0000130e                M_Timer0_Void_StopTimer
 .text.M_Timer0_Void_InterruptEnable
                0x0000131a       0x22 ./Mcal/Timer/Timer_Prog.o
                0x0000131a                M_Timer0_Void_InterruptEnable
 .text.M_Timer0_Void_InterruptDisable
                0x0000133c       0x22 ./Mcal/Timer/Timer_Prog.o
                0x0000133c                M_Timer0_Void_InterruptDisable
 .text.M_Timer0_Void_SetPreload
                0x0000135e        0x4 ./Mcal/Timer/Timer_Prog.o
                0x0000135e                M_Timer0_Void_SetPreload
 .text.M_Timer0_Void_SetCmpMatch
                0x00001362        0x4 ./Mcal/Timer/Timer_Prog.o
                0x00001362                M_Timer0_Void_SetCmpMatch
 .text.M_Timer0_Void_SetCallBackFun
                0x00001366       0x1e ./Mcal/Timer/Timer_Prog.o
                0x00001366                M_Timer0_Void_SetCallBackFun
 .text.__vector_11
                0x00001384       0x52 ./Mcal/Timer/Timer_Prog.o
                0x00001384                __vector_11
 .text.__vector_10
                0x000013d6       0x52 ./Mcal/Timer/Timer_Prog.o
                0x000013d6                __vector_10
 .text.M_Timer0_Void_SetFastPWM
                0x00001428       0x24 ./Mcal/Timer/Timer_Prog.o
                0x00001428                M_Timer0_Void_SetFastPWM
 .text.M_Timer0_Void_SetPhaseCorrectPWM
                0x0000144c        0x2 ./Mcal/Timer/Timer_Prog.o
                0x0000144c                M_Timer0_Void_SetPhaseCorrectPWM
 .text.M_Timer1_Void_Init
                0x0000144e       0x34 ./Mcal/Timer/Timer_Prog.o
                0x0000144e                M_Timer1_Void_Init
 .text.M_Timer1_Void_ICUInit
                0x00001482        0xc ./Mcal/Timer/Timer_Prog.o
                0x00001482                M_Timer1_Void_ICUInit
 .text.M_Timer1_Void_Settrigger
                0x0000148e       0x22 ./Mcal/Timer/Timer_Prog.o
                0x0000148e                M_Timer1_Void_Settrigger
 .text.M_Timer1_Void_InterruptEnable
                0x000014b0        0xc ./Mcal/Timer/Timer_Prog.o
                0x000014b0                M_Timer1_Void_InterruptEnable
 .text.M_Timer1_Void_InterruptDisable
                0x000014bc        0xc ./Mcal/Timer/Timer_Prog.o
                0x000014bc                M_Timer1_Void_InterruptDisable
 .text.M_Timer1_Void_SetCallBackFun
                0x000014c8        0xa ./Mcal/Timer/Timer_Prog.o
                0x000014c8                M_Timer1_Void_SetCallBackFun
 .text.M_Timer1_Void_InputCapture
                0x000014d2        0xa ./Mcal/Timer/Timer_Prog.o
                0x000014d2                M_Timer1_Void_InputCapture
 .text.__vector_6
                0x000014dc       0x52 ./Mcal/Timer/Timer_Prog.o
                0x000014dc                __vector_6
 .text.M_GIE_Void_Enable
                0x0000152e        0x4 ./Mcal/GIE/GIE_Prog.o
                0x0000152e                M_GIE_Void_Enable
 .text.M_GIE_Void_Disable
                0x00001532        0x4 ./Mcal/GIE/GIE_Prog.o
                0x00001532                M_GIE_Void_Disable
 .text.M_ExtInt_Void_ExtInt0Init
                0x00001536       0x26 ./Mcal/ExtInt/ExtInt.o
                0x00001536                M_ExtInt_Void_ExtInt0Init
 .text.M_ExtInt_Void_ExtInt0SetCallBack
                0x0000155c        0xa ./Mcal/ExtInt/ExtInt.o
                0x0000155c                M_ExtInt_Void_ExtInt0SetCallBack
 .text.__vector_1
                0x00001566       0x4e ./Mcal/ExtInt/ExtInt.o
                0x00001566                __vector_1
 .text.M_Dio_Void_PinMode
                0x000015b4      0x12a ./Mcal/Dio/Dio.o
                0x000015b4                M_Dio_Void_PinMode
 .text.M_Dio_Void_PinWrite
                0x000016de      0x12a ./Mcal/Dio/Dio.o
                0x000016de                M_Dio_Void_PinWrite
 .text.M_Dio_Void_PinTog
                0x00001808       0x90 ./Mcal/Dio/Dio.o
                0x00001808                M_Dio_Void_PinTog
 .text.M_Dio_U8_PinRead
                0x00001898       0x72 ./Mcal/Dio/Dio.o
                0x00001898                M_Dio_U8_PinRead
 .text.M_ADC_Void_ADCInit
                0x0000190a       0x58 ./Mcal/ADC/ADC.o
                0x0000190a                M_ADC_Void_ADCInit
 .text.M_ADC_U16_ADCRead
                0x00001962       0x1a ./Mcal/ADC/ADC.o
                0x00001962                M_ADC_U16_ADCRead
 .text.H_TempSensor_U8_TempSensorRead
                0x0000197c       0x32 ./Hal/TempSensor/TempSensor.o
                0x0000197c                H_TempSensor_U8_TempSensorRead
 .text.H_TempSensor_Void_TempSensorInit
                0x000019ae        0x6 ./Hal/TempSensor/TempSensor.o
                0x000019ae                H_TempSensor_Void_TempSensorInit
 .text.H_SSD_Void_SSDDisplay
                0x000019b4      0x566 ./Hal/SSD/SSD.o
                0x000019b4                H_SSD_Void_SSDDisplay
 .text.H_SSD_Void_SSDCountDown
                0x00001f1a       0x48 ./Hal/SSD/SSD.o
                0x00001f1a                H_SSD_Void_SSDCountDown
 .text.H_SSD_Void_SSDCountUp
                0x00001f62       0x2c ./Hal/SSD/SSD.o
                0x00001f62                H_SSD_Void_SSDCountUp
 .text.H_SSD_Void_SSDInit
                0x00001f8e       0x52 ./Hal/SSD/SSD.o
                0x00001f8e                H_SSD_Void_SSDInit
 .text.H_Relay_Void_RelayTog
                0x00001fe0       0x1a ./Hal/Relay/Relay.o
                0x00001fe0                H_Relay_Void_RelayTog
 .text.H_Relay_Void_RelayOff
                0x00001ffa       0x1e ./Hal/Relay/Relay.o
                0x00001ffa                H_Relay_Void_RelayOff
 .text.H_Relay_Void_RelayOn
                0x00002018       0x1e ./Hal/Relay/Relay.o
                0x00002018                H_Relay_Void_RelayOn
 .text.H_Relay_Void_RelayInit
                0x00002036       0x1e ./Hal/Relay/Relay.o
                0x00002036                H_Relay_Void_RelayInit
 .text.H_PushButton_Void_PushButtonRead
                0x00002054      0x104 ./Hal/PushButton/PushButton.o
                0x00002054                H_PushButton_Void_PushButtonRead
 .text.H_PushButton_Void_PushButtonInit
                0x00002158       0x40 ./Hal/PushButton/PushButton.o
                0x00002158                H_PushButton_Void_PushButtonInit
 .text.H_Led_Void_LedTog
                0x00002198       0x24 ./Hal/Led/Led.o
                0x00002198                H_Led_Void_LedTog
 .text.H_Led_Void_LedOff
                0x000021bc       0x2a ./Hal/Led/Led.o
                0x000021bc                H_Led_Void_LedOff
 .text.H_Led_Void_LedOn
                0x000021e6       0x2a ./Hal/Led/Led.o
                0x000021e6                H_Led_Void_LedOn
 .text.H_Led_Void_LedBlink
                0x00002210       0x3c ./Hal/Led/Led.o
                0x00002210                H_Led_Void_LedBlink
 .text.H_Led_Void_LedInit
                0x0000224c       0x2a ./Hal/Led/Led.o
                0x0000224c                H_Led_Void_LedInit
 .text.H_LCD_Void_LCDWriteCommand
                0x00002276       0x92 ./Hal/LCD/LCD.o
                0x00002276                H_LCD_Void_LCDWriteCommand
 .text.H_LCD_Void_LCDClr
                0x00002308       0x10 ./Hal/LCD/LCD.o
                0x00002308                H_LCD_Void_LCDClr
 .text.H_LCD_Void_LCDGoto
                0x00002318       0x2a ./Hal/LCD/LCD.o
                0x00002318                H_LCD_Void_LCDGoto
 .text.H_LCD_Void_LCDWriteCharacter
                0x00002342       0x92 ./Hal/LCD/LCD.o
                0x00002342                H_LCD_Void_LCDWriteCharacter
 .text.H_Lcd_Void_WriteDecimal
                0x000023d4      0x1e8 ./Hal/LCD/LCD.o
                0x000023d4                H_Lcd_Void_WriteDecimal
 .text.H_LCD_Void_LCDWriteNumber
                0x000025bc      0x1da ./Hal/LCD/LCD.o
                0x000025bc                H_LCD_Void_LCDWriteNumber
 .text.H_LCD_Void_LCDWriteString
                0x00002796       0x32 ./Hal/LCD/LCD.o
                0x00002796                H_LCD_Void_LCDWriteString
 .text.H_LCD_Void_LCDInit
                0x000027c8       0x72 ./Hal/LCD/LCD.o
                0x000027c8                H_LCD_Void_LCDInit
 .text.H_KeyPad_U8_KeyPadRead
                0x0000283a      0x10c ./Hal/KeyPad/KEyPad.o
                0x0000283a                H_KeyPad_U8_KeyPadRead
 .text.H_KeyPad_Void_KeyPadInit
                0x00002946       0x62 ./Hal/KeyPad/KEyPad.o
                0x00002946                H_KeyPad_Void_KeyPadInit
 .text.H_Buzzer_Void_BuzzerOff
                0x000029a8        0xa ./Hal/Buzzer/Buzzer.o
                0x000029a8                H_Buzzer_Void_BuzzerOff
 .text.H_Buzzer_Void_BuzzerOn
                0x000029b2        0xa ./Hal/Buzzer/Buzzer.o
                0x000029b2                H_Buzzer_Void_BuzzerOn
 .text.H_Buzzer_Void_BuzzerLong
                0x000029bc       0x1e ./Hal/Buzzer/Buzzer.o
                0x000029bc                H_Buzzer_Void_BuzzerLong
 .text.H_Buzzer_Void_BuzzerTriple
                0x000029da       0x7e ./Hal/Buzzer/Buzzer.o
                0x000029da                H_Buzzer_Void_BuzzerTriple
 .text.H_Buzzer_Void_BuzzerTwice
                0x00002a58       0x4e ./Hal/Buzzer/Buzzer.o
                0x00002a58                H_Buzzer_Void_BuzzerTwice
 .text.H_Buzzer_Void_BuzzerOnce
                0x00002aa6       0x1e ./Hal/Buzzer/Buzzer.o
                0x00002aa6                H_Buzzer_Void_BuzzerOnce
 .text.H_Buzzer_Void_BuzzerInit
                0x00002ac4        0xa ./Hal/Buzzer/Buzzer.o
                0x00002ac4                H_Buzzer_Void_BuzzerInit
 .text.main     0x00002ace       0x2e ./App/main.o
                0x00002ace                main
 .text.libgcc   0x00002afc       0x18 c:/users/20101/desktop/study/embedded/avr material/sdk_win_64/sdk_win_64/sdk_win_64/winavr/bin/../lib/gcc/avr/4.3.3/avr5\libgcc.a(_udivmodqi4.o)
                0x00002afc                __udivmodqi4
 .text.libgcc   0x00002b14       0x28 c:/users/20101/desktop/study/embedded/avr material/sdk_win_64/sdk_win_64/sdk_win_64/winavr/bin/../lib/gcc/avr/4.3.3/avr5\libgcc.a(_udivmodhi4.o)
                0x00002b14                __udivmodhi4
 .text.libgcc   0x00002b3c       0x26 c:/users/20101/desktop/study/embedded/avr material/sdk_win_64/sdk_win_64/sdk_win_64/winavr/bin/../lib/gcc/avr/4.3.3/avr5\libgcc.a(_divmodhi4.o)
                0x00002b3c                __divmodhi4
                0x00002b3c                _div
 .text.libgcc   0x00002b62       0x36 c:/users/20101/desktop/study/embedded/avr material/sdk_win_64/sdk_win_64/sdk_win_64/winavr/bin/../lib/gcc/avr/4.3.3/avr5\libgcc.a(_divmodsi4.o)
                0x00002b62                __divmodsi4
 .text.libgcc   0x00002b98        0x0 c:/users/20101/desktop/study/embedded/avr material/sdk_win_64/sdk_win_64/sdk_win_64/winavr/bin/../lib/gcc/avr/4.3.3/avr5\libgcc.a(_exit.o)
 .text.libgcc   0x00002b98        0x0 c:/users/20101/desktop/study/embedded/avr material/sdk_win_64/sdk_win_64/sdk_win_64/winavr/bin/../lib/gcc/avr/4.3.3/avr5\libgcc.a(_copy_data.o)
 .text.libgcc   0x00002b98        0x0 c:/users/20101/desktop/study/embedded/avr material/sdk_win_64/sdk_win_64/sdk_win_64/winavr/bin/../lib/gcc/avr/4.3.3/avr5\libgcc.a(_clear_bss.o)
 .text.libgcc   0x00002b98       0x44 c:/users/20101/desktop/study/embedded/avr material/sdk_win_64/sdk_win_64/sdk_win_64/winavr/bin/../lib/gcc/avr/4.3.3/avr5\libgcc.a(_udivmodsi4.o)
                0x00002b98                __udivmodsi4
 .text.libgcc   0x00002bdc       0x38 c:/users/20101/desktop/study/embedded/avr material/sdk_win_64/sdk_win_64/sdk_win_64/winavr/bin/../lib/gcc/avr/4.3.3/avr5\libgcc.a(_prologue.o)
                0x00002bdc                __prologue_saves__
 .text.libgcc   0x00002c14       0x36 c:/users/20101/desktop/study/embedded/avr material/sdk_win_64/sdk_win_64/sdk_win_64/winavr/bin/../lib/gcc/avr/4.3.3/avr5\libgcc.a(_epilogue.o)
                0x00002c14                __epilogue_restores__
                0x00002c4a                . = ALIGN (0x2)
 *(.fini9)
 .fini9         0x00002c4a        0x0 c:/users/20101/desktop/study/embedded/avr material/sdk_win_64/sdk_win_64/sdk_win_64/winavr/bin/../lib/gcc/avr/4.3.3/avr5\libgcc.a(_exit.o)
                0x00002c4a                exit
                0x00002c4a                _exit
 *(.fini9)
 *(.fini8)
 *(.fini8)
 *(.fini7)
 *(.fini7)
 *(.fini6)
 *(.fini6)
 *(.fini5)
 *(.fini5)
 *(.fini4)
 *(.fini4)
 *(.fini3)
 *(.fini3)
 *(.fini2)
 *(.fini2)
 *(.fini1)
 *(.fini1)
 *(.fini0)
 .fini0         0x00002c4a        0x4 c:/users/20101/desktop/study/embedded/avr material/sdk_win_64/sdk_win_64/sdk_win_64/winavr/bin/../lib/gcc/avr/4.3.3/avr5\libgcc.a(_exit.o)
 *(.fini0)
                0x00002c4e                _etext = .

.data           0x00800060      0x1b2 load address 0x00002c4e
                0x00800060                PROVIDE (__data_start, .)
 *(.data)
 .data          0x00800060        0x0 c:/users/20101/desktop/study/embedded/avr material/sdk_win_64/sdk_win_64/sdk_win_64/winavr/bin/../lib/gcc/avr/4.3.3/../../../../avr/lib/avr5/crtm32.o
 .data          0x00800060        0x5 ./Tasks/Fan_control.o
 .data          0x00800065       0x47 ./Tasks/Led_Control.o
 .data          0x008000ac       0x4e ./Tasks/PassWord.o
 .data          0x008000fa        0x0 ./Mcal/Timer/Timer_Prog.o
 .data          0x008000fa        0x0 ./Mcal/GIE/GIE_Prog.o
 .data          0x008000fa        0x0 ./Mcal/ExtInt/ExtInt.o
 .data          0x008000fa        0x0 ./Mcal/Dio/Dio.o
 .data          0x008000fa        0x0 ./Mcal/ADC/ADC.o
 .data          0x008000fa        0x0 ./Hal/TempSensor/TempSensor.o
 .data          0x008000fa        0x0 ./Hal/SSD/SSD.o
 .data          0x008000fa        0x0 ./Hal/Relay/Relay.o
 .data          0x008000fa        0x0 ./Hal/PushButton/PushButton.o
 .data          0x008000fa        0x0 ./Hal/Led/Led.o
 .data          0x008000fa        0x0 ./Hal/LCD/LCD.o
 .data          0x008000fa        0x0 ./Hal/KeyPad/KEyPad.o
 .data          0x008000fa        0x0 ./Hal/Buzzer/Buzzer.o
 .data          0x008000fa        0x0 ./App/main.o
 .data          0x008000fa        0x0 c:/users/20101/desktop/study/embedded/avr material/sdk_win_64/sdk_win_64/sdk_win_64/winavr/bin/../lib/gcc/avr/4.3.3/avr5\libgcc.a(_udivmodqi4.o)
 .data          0x008000fa        0x0 c:/users/20101/desktop/study/embedded/avr material/sdk_win_64/sdk_win_64/sdk_win_64/winavr/bin/../lib/gcc/avr/4.3.3/avr5\libgcc.a(_udivmodhi4.o)
 .data          0x008000fa        0x0 c:/users/20101/desktop/study/embedded/avr material/sdk_win_64/sdk_win_64/sdk_win_64/winavr/bin/../lib/gcc/avr/4.3.3/avr5\libgcc.a(_divmodhi4.o)
 .data          0x008000fa        0x0 c:/users/20101/desktop/study/embedded/avr material/sdk_win_64/sdk_win_64/sdk_win_64/winavr/bin/../lib/gcc/avr/4.3.3/avr5\libgcc.a(_divmodsi4.o)
 .data          0x008000fa        0x0 c:/users/20101/desktop/study/embedded/avr material/sdk_win_64/sdk_win_64/sdk_win_64/winavr/bin/../lib/gcc/avr/4.3.3/avr5\libgcc.a(_exit.o)
 .data          0x008000fa        0x0 c:/users/20101/desktop/study/embedded/avr material/sdk_win_64/sdk_win_64/sdk_win_64/winavr/bin/../lib/gcc/avr/4.3.3/avr5\libgcc.a(_copy_data.o)
 .data          0x008000fa        0x0 c:/users/20101/desktop/study/embedded/avr material/sdk_win_64/sdk_win_64/sdk_win_64/winavr/bin/../lib/gcc/avr/4.3.3/avr5\libgcc.a(_clear_bss.o)
 .data          0x008000fa        0x0 c:/users/20101/desktop/study/embedded/avr material/sdk_win_64/sdk_win_64/sdk_win_64/winavr/bin/../lib/gcc/avr/4.3.3/avr5\libgcc.a(_fixunssfsi.o)
 .data          0x008000fa        0x0 c:/users/20101/desktop/study/embedded/avr material/sdk_win_64/sdk_win_64/sdk_win_64/winavr/bin/../lib/gcc/avr/4.3.3/avr5\libgcc.a(_addsub_sf.o)
 .data          0x008000fa        0x0 c:/users/20101/desktop/study/embedded/avr material/sdk_win_64/sdk_win_64/sdk_win_64/winavr/bin/../lib/gcc/avr/4.3.3/avr5\libgcc.a(_mul_sf.o)
 .data          0x008000fa        0x0 c:/users/20101/desktop/study/embedded/avr material/sdk_win_64/sdk_win_64/sdk_win_64/winavr/bin/../lib/gcc/avr/4.3.3/avr5\libgcc.a(_div_sf.o)
 .data          0x008000fa        0x0 c:/users/20101/desktop/study/embedded/avr material/sdk_win_64/sdk_win_64/sdk_win_64/winavr/bin/../lib/gcc/avr/4.3.3/avr5\libgcc.a(_eq_sf.o)
 .data          0x008000fa        0x0 c:/users/20101/desktop/study/embedded/avr material/sdk_win_64/sdk_win_64/sdk_win_64/winavr/bin/../lib/gcc/avr/4.3.3/avr5\libgcc.a(_ge_sf.o)
 .data          0x008000fa        0x0 c:/users/20101/desktop/study/embedded/avr material/sdk_win_64/sdk_win_64/sdk_win_64/winavr/bin/../lib/gcc/avr/4.3.3/avr5\libgcc.a(_lt_sf.o)
 .data          0x008000fa        0x0 c:/users/20101/desktop/study/embedded/avr material/sdk_win_64/sdk_win_64/sdk_win_64/winavr/bin/../lib/gcc/avr/4.3.3/avr5\libgcc.a(_si_to_sf.o)
 .data          0x008000fa        0x0 c:/users/20101/desktop/study/embedded/avr material/sdk_win_64/sdk_win_64/sdk_win_64/winavr/bin/../lib/gcc/avr/4.3.3/avr5\libgcc.a(_sf_to_si.o)
 .data          0x008000fa        0x8 c:/users/20101/desktop/study/embedded/avr material/sdk_win_64/sdk_win_64/sdk_win_64/winavr/bin/../lib/gcc/avr/4.3.3/avr5\libgcc.a(_thenan_sf.o)
                0x008000fa                __thenan_sf
 .data          0x00800102        0x0 c:/users/20101/desktop/study/embedded/avr material/sdk_win_64/sdk_win_64/sdk_win_64/winavr/bin/../lib/gcc/avr/4.3.3/avr5\libgcc.a(_usi_to_sf.o)
 .data          0x00800102        0x0 c:/users/20101/desktop/study/embedded/avr material/sdk_win_64/sdk_win_64/sdk_win_64/winavr/bin/../lib/gcc/avr/4.3.3/avr5\libgcc.a(_udivmodsi4.o)
 .data          0x00800102        0x0 c:/users/20101/desktop/study/embedded/avr material/sdk_win_64/sdk_win_64/sdk_win_64/winavr/bin/../lib/gcc/avr/4.3.3/avr5\libgcc.a(_prologue.o)
 .data          0x00800102        0x0 c:/users/20101/desktop/study/embedded/avr material/sdk_win_64/sdk_win_64/sdk_win_64/winavr/bin/../lib/gcc/avr/4.3.3/avr5\libgcc.a(_epilogue.o)
 .data          0x00800102        0x0 c:/users/20101/desktop/study/embedded/avr material/sdk_win_64/sdk_win_64/sdk_win_64/winavr/bin/../lib/gcc/avr/4.3.3/avr5\libgcc.a(_clzsi2.o)
 .data          0x00800102        0x0 c:/users/20101/desktop/study/embedded/avr material/sdk_win_64/sdk_win_64/sdk_win_64/winavr/bin/../lib/gcc/avr/4.3.3/avr5\libgcc.a(_pack_sf.o)
 .data          0x00800102        0x0 c:/users/20101/desktop/study/embedded/avr material/sdk_win_64/sdk_win_64/sdk_win_64/winavr/bin/../lib/gcc/avr/4.3.3/avr5\libgcc.a(_unpack_sf.o)
 .data          0x00800102        0x0 c:/users/20101/desktop/study/embedded/avr material/sdk_win_64/sdk_win_64/sdk_win_64/winavr/bin/../lib/gcc/avr/4.3.3/avr5\libgcc.a(_fpcmp_parts_sf.o)
 .data          0x00800102      0x100 c:/users/20101/desktop/study/embedded/avr material/sdk_win_64/sdk_win_64/sdk_win_64/winavr/bin/../lib/gcc/avr/4.3.3/avr5\libgcc.a(_clz.o)
                0x00800102                __clz_tab
 *(.data*)
 *(.rodata)
 *(.rodata*)
 .rodata.C.0.1278
                0x00800202       0x10 ./Hal/KeyPad/KEyPad.o
 *(.gnu.linkonce.d*)
                0x00800212                . = ALIGN (0x2)
                0x00800212                _edata = .
                0x00800212                PROVIDE (__data_end, .)

.bss            0x00800212       0x11
                0x00800212                PROVIDE (__bss_start, .)
 *(.bss)
 .bss           0x00800212        0x0 c:/users/20101/desktop/study/embedded/avr material/sdk_win_64/sdk_win_64/sdk_win_64/winavr/bin/../lib/gcc/avr/4.3.3/../../../../avr/lib/avr5/crtm32.o
 .bss           0x00800212        0x0 ./Tasks/Fan_control.o
 .bss           0x00800212        0x0 ./Tasks/Led_Control.o
 .bss           0x00800212        0x0 ./Tasks/PassWord.o
 .bss           0x00800212        0x0 ./Mcal/Timer/Timer_Prog.o
 .bss           0x00800212        0x0 ./Mcal/GIE/GIE_Prog.o
 .bss           0x00800212        0x0 ./Mcal/ExtInt/ExtInt.o
 .bss           0x00800212        0x0 ./Mcal/Dio/Dio.o
 .bss           0x00800212        0x0 ./Mcal/ADC/ADC.o
 .bss           0x00800212        0x0 ./Hal/TempSensor/TempSensor.o
 .bss           0x00800212        0x0 ./Hal/SSD/SSD.o
 .bss           0x00800212        0x0 ./Hal/Relay/Relay.o
 .bss           0x00800212        0x0 ./Hal/PushButton/PushButton.o
 .bss           0x00800212        0x0 ./Hal/Led/Led.o
 .bss           0x00800212        0x0 ./Hal/LCD/LCD.o
 .bss           0x00800212        0x0 ./Hal/KeyPad/KEyPad.o
 .bss           0x00800212        0x0 ./Hal/Buzzer/Buzzer.o
 .bss           0x00800212        0x0 ./App/main.o
 .bss           0x00800212        0x0 c:/users/20101/desktop/study/embedded/avr material/sdk_win_64/sdk_win_64/sdk_win_64/winavr/bin/../lib/gcc/avr/4.3.3/avr5\libgcc.a(_udivmodqi4.o)
 .bss           0x00800212        0x0 c:/users/20101/desktop/study/embedded/avr material/sdk_win_64/sdk_win_64/sdk_win_64/winavr/bin/../lib/gcc/avr/4.3.3/avr5\libgcc.a(_udivmodhi4.o)
 .bss           0x00800212        0x0 c:/users/20101/desktop/study/embedded/avr material/sdk_win_64/sdk_win_64/sdk_win_64/winavr/bin/../lib/gcc/avr/4.3.3/avr5\libgcc.a(_divmodhi4.o)
 .bss           0x00800212        0x0 c:/users/20101/desktop/study/embedded/avr material/sdk_win_64/sdk_win_64/sdk_win_64/winavr/bin/../lib/gcc/avr/4.3.3/avr5\libgcc.a(_divmodsi4.o)
 .bss           0x00800212        0x0 c:/users/20101/desktop/study/embedded/avr material/sdk_win_64/sdk_win_64/sdk_win_64/winavr/bin/../lib/gcc/avr/4.3.3/avr5\libgcc.a(_exit.o)
 .bss           0x00800212        0x0 c:/users/20101/desktop/study/embedded/avr material/sdk_win_64/sdk_win_64/sdk_win_64/winavr/bin/../lib/gcc/avr/4.3.3/avr5\libgcc.a(_copy_data.o)
 .bss           0x00800212        0x0 c:/users/20101/desktop/study/embedded/avr material/sdk_win_64/sdk_win_64/sdk_win_64/winavr/bin/../lib/gcc/avr/4.3.3/avr5\libgcc.a(_clear_bss.o)
 .bss           0x00800212        0x0 c:/users/20101/desktop/study/embedded/avr material/sdk_win_64/sdk_win_64/sdk_win_64/winavr/bin/../lib/gcc/avr/4.3.3/avr5\libgcc.a(_fixunssfsi.o)
 .bss           0x00800212        0x0 c:/users/20101/desktop/study/embedded/avr material/sdk_win_64/sdk_win_64/sdk_win_64/winavr/bin/../lib/gcc/avr/4.3.3/avr5\libgcc.a(_addsub_sf.o)
 .bss           0x00800212        0x0 c:/users/20101/desktop/study/embedded/avr material/sdk_win_64/sdk_win_64/sdk_win_64/winavr/bin/../lib/gcc/avr/4.3.3/avr5\libgcc.a(_mul_sf.o)
 .bss           0x00800212        0x0 c:/users/20101/desktop/study/embedded/avr material/sdk_win_64/sdk_win_64/sdk_win_64/winavr/bin/../lib/gcc/avr/4.3.3/avr5\libgcc.a(_div_sf.o)
 .bss           0x00800212        0x0 c:/users/20101/desktop/study/embedded/avr material/sdk_win_64/sdk_win_64/sdk_win_64/winavr/bin/../lib/gcc/avr/4.3.3/avr5\libgcc.a(_eq_sf.o)
 .bss           0x00800212        0x0 c:/users/20101/desktop/study/embedded/avr material/sdk_win_64/sdk_win_64/sdk_win_64/winavr/bin/../lib/gcc/avr/4.3.3/avr5\libgcc.a(_ge_sf.o)
 .bss           0x00800212        0x0 c:/users/20101/desktop/study/embedded/avr material/sdk_win_64/sdk_win_64/sdk_win_64/winavr/bin/../lib/gcc/avr/4.3.3/avr5\libgcc.a(_lt_sf.o)
 .bss           0x00800212        0x0 c:/users/20101/desktop/study/embedded/avr material/sdk_win_64/sdk_win_64/sdk_win_64/winavr/bin/../lib/gcc/avr/4.3.3/avr5\libgcc.a(_si_to_sf.o)
 .bss           0x00800212        0x0 c:/users/20101/desktop/study/embedded/avr material/sdk_win_64/sdk_win_64/sdk_win_64/winavr/bin/../lib/gcc/avr/4.3.3/avr5\libgcc.a(_sf_to_si.o)
 .bss           0x00800212        0x0 c:/users/20101/desktop/study/embedded/avr material/sdk_win_64/sdk_win_64/sdk_win_64/winavr/bin/../lib/gcc/avr/4.3.3/avr5\libgcc.a(_thenan_sf.o)
 .bss           0x00800212        0x0 c:/users/20101/desktop/study/embedded/avr material/sdk_win_64/sdk_win_64/sdk_win_64/winavr/bin/../lib/gcc/avr/4.3.3/avr5\libgcc.a(_usi_to_sf.o)
 .bss           0x00800212        0x0 c:/users/20101/desktop/study/embedded/avr material/sdk_win_64/sdk_win_64/sdk_win_64/winavr/bin/../lib/gcc/avr/4.3.3/avr5\libgcc.a(_udivmodsi4.o)
 .bss           0x00800212        0x0 c:/users/20101/desktop/study/embedded/avr material/sdk_win_64/sdk_win_64/sdk_win_64/winavr/bin/../lib/gcc/avr/4.3.3/avr5\libgcc.a(_prologue.o)
 .bss           0x00800212        0x0 c:/users/20101/desktop/study/embedded/avr material/sdk_win_64/sdk_win_64/sdk_win_64/winavr/bin/../lib/gcc/avr/4.3.3/avr5\libgcc.a(_epilogue.o)
 .bss           0x00800212        0x0 c:/users/20101/desktop/study/embedded/avr material/sdk_win_64/sdk_win_64/sdk_win_64/winavr/bin/../lib/gcc/avr/4.3.3/avr5\libgcc.a(_clzsi2.o)
 .bss           0x00800212        0x0 c:/users/20101/desktop/study/embedded/avr material/sdk_win_64/sdk_win_64/sdk_win_64/winavr/bin/../lib/gcc/avr/4.3.3/avr5\libgcc.a(_pack_sf.o)
 .bss           0x00800212        0x0 c:/users/20101/desktop/study/embedded/avr material/sdk_win_64/sdk_win_64/sdk_win_64/winavr/bin/../lib/gcc/avr/4.3.3/avr5\libgcc.a(_unpack_sf.o)
 .bss           0x00800212        0x0 c:/users/20101/desktop/study/embedded/avr material/sdk_win_64/sdk_win_64/sdk_win_64/winavr/bin/../lib/gcc/avr/4.3.3/avr5\libgcc.a(_fpcmp_parts_sf.o)
 .bss           0x00800212        0x0 c:/users/20101/desktop/study/embedded/avr material/sdk_win_64/sdk_win_64/sdk_win_64/winavr/bin/../lib/gcc/avr/4.3.3/avr5\libgcc.a(_clz.o)
 *(.bss*)
 .bss.z.1334    0x00800212        0x4 ./Tasks/Fan_control.o
 .bss.x.1332    0x00800216        0x2 ./Tasks/Fan_control.o
 .bss.pass_attempt.1334
                0x00800218        0x1 ./Tasks/PassWord.o
 .bss.PV_ICU_CallBack
                0x00800219        0x2 ./Mcal/Timer/Timer_Prog.o
 .bss.PV_CallBack
                0x0080021b        0x4 ./Mcal/Timer/Timer_Prog.o
 .bss.ExtInt_CallBack
                0x0080021f        0x2 ./Mcal/ExtInt/ExtInt.o
                0x0080021f                ExtInt_CallBack
 .bss.x         0x00800221        0x2 ./Mcal/ADC/ADC.o
                0x00800221                x
 *(COMMON)
                0x00800223                PROVIDE (__bss_end, .)
                0x00002c4e                __data_load_start = LOADADDR (.data)
                0x00002e00                __data_load_end = (__data_load_start + SIZEOF (.data))

.noinit         0x00800223        0x0
                0x00800223                PROVIDE (__noinit_start, .)
 *(.noinit*)
                0x00800223                PROVIDE (__noinit_end, .)
                0x00800223                _end = .
                0x00800223                PROVIDE (__heap_start, .)

.eeprom         0x00810000        0x0
 *(.eeprom*)
                0x00810000                __eeprom_end = .

.fuse
 *(.fuse)
 *(.lfuse)
 *(.hfuse)
 *(.efuse)

.lock
 *(.lock*)

.signature
 *(.signature*)

.stab           0x00000000     0x531c
 *(.stab)
 .stab          0x00000000      0x4e0 ./Tasks/Fan_control.o
 .stab          0x000004e0      0x450 ./Tasks/Led_Control.o
                                0x66c (size before relaxing)
 .stab          0x00000930      0x8ac ./Tasks/PassWord.o
                                0xad4 (size before relaxing)
 .stab          0x000011dc      0x69c ./Mcal/Timer/Timer_Prog.o
                                0x8c4 (size before relaxing)
 .stab          0x00001878      0x144 ./Mcal/GIE/GIE_Prog.o
                                0x1bc (size before relaxing)
 .stab          0x000019bc      0x228 ./Mcal/ExtInt/ExtInt.o
                                0x474 (size before relaxing)
 .stab          0x00001be4      0x45c ./Mcal/Dio/Dio.o
                                0x66c (size before relaxing)
 .stab          0x00002040      0x270 ./Mcal/ADC/ADC.o
                                0x4bc (size before relaxing)
 .stab          0x000022b0      0x1c8 ./Hal/TempSensor/TempSensor.o
                                0x420 (size before relaxing)
 .stab          0x00002478      0xabc ./Hal/SSD/SSD.o
                                0xcd8 (size before relaxing)
 .stab          0x00002f34      0x258 ./Hal/Relay/Relay.o
                                0x474 (size before relaxing)
 .stab          0x0000318c      0x4f8 ./Hal/PushButton/PushButton.o
                                0x714 (size before relaxing)
 .stab          0x00003684      0x3fc ./Hal/Led/Led.o
                                0x618 (size before relaxing)
 .stab          0x00003a80      0xa14 ./Hal/LCD/LCD.o
                                0xc30 (size before relaxing)
 .stab          0x00004494      0x3e4 ./Hal/KeyPad/KEyPad.o
                                0x600 (size before relaxing)
 .stab          0x00004878      0x8a0 ./Hal/Buzzer/Buzzer.o
                                0xabc (size before relaxing)
 .stab          0x00005118      0x204 ./App/main.o
                                0x450 (size before relaxing)

.stabstr        0x00000000     0x1e88
 *(.stabstr)
 .stabstr       0x00000000     0x1e88 ./Tasks/Fan_control.o

.stab.excl
 *(.stab.excl)

.stab.exclstr
 *(.stab.exclstr)

.stab.index
 *(.stab.index)

.stab.indexstr
 *(.stab.indexstr)

.comment
 *(.comment)

.debug
 *(.debug)

.line
 *(.line)

.debug_srcinfo
 *(.debug_srcinfo)

.debug_sfnames
 *(.debug_sfnames)

.debug_aranges  0x00000000      0x1c0
 *(.debug_aranges)
 .debug_aranges
                0x00000000       0x20 c:/users/20101/desktop/study/embedded/avr material/sdk_win_64/sdk_win_64/sdk_win_64/winavr/bin/../lib/gcc/avr/4.3.3/avr5\libgcc.a(_fixunssfsi.o)
 .debug_aranges
                0x00000020       0x20 c:/users/20101/desktop/study/embedded/avr material/sdk_win_64/sdk_win_64/sdk_win_64/winavr/bin/../lib/gcc/avr/4.3.3/avr5\libgcc.a(_addsub_sf.o)
 .debug_aranges
                0x00000040       0x20 c:/users/20101/desktop/study/embedded/avr material/sdk_win_64/sdk_win_64/sdk_win_64/winavr/bin/../lib/gcc/avr/4.3.3/avr5\libgcc.a(_mul_sf.o)
 .debug_aranges
                0x00000060       0x20 c:/users/20101/desktop/study/embedded/avr material/sdk_win_64/sdk_win_64/sdk_win_64/winavr/bin/../lib/gcc/avr/4.3.3/avr5\libgcc.a(_div_sf.o)
 .debug_aranges
                0x00000080       0x20 c:/users/20101/desktop/study/embedded/avr material/sdk_win_64/sdk_win_64/sdk_win_64/winavr/bin/../lib/gcc/avr/4.3.3/avr5\libgcc.a(_eq_sf.o)
 .debug_aranges
                0x000000a0       0x20 c:/users/20101/desktop/study/embedded/avr material/sdk_win_64/sdk_win_64/sdk_win_64/winavr/bin/../lib/gcc/avr/4.3.3/avr5\libgcc.a(_ge_sf.o)
 .debug_aranges
                0x000000c0       0x20 c:/users/20101/desktop/study/embedded/avr material/sdk_win_64/sdk_win_64/sdk_win_64/winavr/bin/../lib/gcc/avr/4.3.3/avr5\libgcc.a(_lt_sf.o)
 .debug_aranges
                0x000000e0       0x20 c:/users/20101/desktop/study/embedded/avr material/sdk_win_64/sdk_win_64/sdk_win_64/winavr/bin/../lib/gcc/avr/4.3.3/avr5\libgcc.a(_si_to_sf.o)
 .debug_aranges
                0x00000100       0x20 c:/users/20101/desktop/study/embedded/avr material/sdk_win_64/sdk_win_64/sdk_win_64/winavr/bin/../lib/gcc/avr/4.3.3/avr5\libgcc.a(_sf_to_si.o)
 .debug_aranges
                0x00000120       0x20 c:/users/20101/desktop/study/embedded/avr material/sdk_win_64/sdk_win_64/sdk_win_64/winavr/bin/../lib/gcc/avr/4.3.3/avr5\libgcc.a(_usi_to_sf.o)
 .debug_aranges
                0x00000140       0x20 c:/users/20101/desktop/study/embedded/avr material/sdk_win_64/sdk_win_64/sdk_win_64/winavr/bin/../lib/gcc/avr/4.3.3/avr5\libgcc.a(_clzsi2.o)
 .debug_aranges
                0x00000160       0x20 c:/users/20101/desktop/study/embedded/avr material/sdk_win_64/sdk_win_64/sdk_win_64/winavr/bin/../lib/gcc/avr/4.3.3/avr5\libgcc.a(_pack_sf.o)
 .debug_aranges
                0x00000180       0x20 c:/users/20101/desktop/study/embedded/avr material/sdk_win_64/sdk_win_64/sdk_win_64/winavr/bin/../lib/gcc/avr/4.3.3/avr5\libgcc.a(_unpack_sf.o)
 .debug_aranges
                0x000001a0       0x20 c:/users/20101/desktop/study/embedded/avr material/sdk_win_64/sdk_win_64/sdk_win_64/winavr/bin/../lib/gcc/avr/4.3.3/avr5\libgcc.a(_fpcmp_parts_sf.o)

.debug_pubnames
                0x00000000      0x214
 *(.debug_pubnames)
 .debug_pubnames
                0x00000000       0x23 c:/users/20101/desktop/study/embedded/avr material/sdk_win_64/sdk_win_64/sdk_win_64/winavr/bin/../lib/gcc/avr/4.3.3/avr5\libgcc.a(_fixunssfsi.o)
 .debug_pubnames
                0x00000023       0x2c c:/users/20101/desktop/study/embedded/avr material/sdk_win_64/sdk_win_64/sdk_win_64/winavr/bin/../lib/gcc/avr/4.3.3/avr5\libgcc.a(_addsub_sf.o)
 .debug_pubnames
                0x0000004f       0x1f c:/users/20101/desktop/study/embedded/avr material/sdk_win_64/sdk_win_64/sdk_win_64/winavr/bin/../lib/gcc/avr/4.3.3/avr5\libgcc.a(_mul_sf.o)
 .debug_pubnames
                0x0000006e       0x1f c:/users/20101/desktop/study/embedded/avr material/sdk_win_64/sdk_win_64/sdk_win_64/winavr/bin/../lib/gcc/avr/4.3.3/avr5\libgcc.a(_div_sf.o)
 .debug_pubnames
                0x0000008d       0x1e c:/users/20101/desktop/study/embedded/avr material/sdk_win_64/sdk_win_64/sdk_win_64/winavr/bin/../lib/gcc/avr/4.3.3/avr5\libgcc.a(_eq_sf.o)
 .debug_pubnames
                0x000000ab       0x1e c:/users/20101/desktop/study/embedded/avr material/sdk_win_64/sdk_win_64/sdk_win_64/winavr/bin/../lib/gcc/avr/4.3.3/avr5\libgcc.a(_ge_sf.o)
 .debug_pubnames
                0x000000c9       0x1e c:/users/20101/desktop/study/embedded/avr material/sdk_win_64/sdk_win_64/sdk_win_64/winavr/bin/../lib/gcc/avr/4.3.3/avr5\libgcc.a(_lt_sf.o)
 .debug_pubnames
                0x000000e7       0x22 c:/users/20101/desktop/study/embedded/avr material/sdk_win_64/sdk_win_64/sdk_win_64/winavr/bin/../lib/gcc/avr/4.3.3/avr5\libgcc.a(_si_to_sf.o)
 .debug_pubnames
                0x00000109       0x20 c:/users/20101/desktop/study/embedded/avr material/sdk_win_64/sdk_win_64/sdk_win_64/winavr/bin/../lib/gcc/avr/4.3.3/avr5\libgcc.a(_sf_to_si.o)
 .debug_pubnames
                0x00000129       0x22 c:/users/20101/desktop/study/embedded/avr material/sdk_win_64/sdk_win_64/sdk_win_64/winavr/bin/../lib/gcc/avr/4.3.3/avr5\libgcc.a(_thenan_sf.o)
 .debug_pubnames
                0x0000014b       0x24 c:/users/20101/desktop/study/embedded/avr material/sdk_win_64/sdk_win_64/sdk_win_64/winavr/bin/../lib/gcc/avr/4.3.3/avr5\libgcc.a(_usi_to_sf.o)
 .debug_pubnames
                0x0000016f       0x1f c:/users/20101/desktop/study/embedded/avr material/sdk_win_64/sdk_win_64/sdk_win_64/winavr/bin/../lib/gcc/avr/4.3.3/avr5\libgcc.a(_clzsi2.o)
 .debug_pubnames
                0x0000018e       0x1f c:/users/20101/desktop/study/embedded/avr material/sdk_win_64/sdk_win_64/sdk_win_64/winavr/bin/../lib/gcc/avr/4.3.3/avr5\libgcc.a(_pack_sf.o)
 .debug_pubnames
                0x000001ad       0x21 c:/users/20101/desktop/study/embedded/avr material/sdk_win_64/sdk_win_64/sdk_win_64/winavr/bin/../lib/gcc/avr/4.3.3/avr5\libgcc.a(_unpack_sf.o)
 .debug_pubnames
                0x000001ce       0x26 c:/users/20101/desktop/study/embedded/avr material/sdk_win_64/sdk_win_64/sdk_win_64/winavr/bin/../lib/gcc/avr/4.3.3/avr5\libgcc.a(_fpcmp_parts_sf.o)
 .debug_pubnames
                0x000001f4       0x20 c:/users/20101/desktop/study/embedded/avr material/sdk_win_64/sdk_win_64/sdk_win_64/winavr/bin/../lib/gcc/avr/4.3.3/avr5\libgcc.a(_clz.o)

.debug_info     0x00000000     0x2612
 *(.debug_info)
 .debug_info    0x00000000       0xb1 c:/users/20101/desktop/study/embedded/avr material/sdk_win_64/sdk_win_64/sdk_win_64/winavr/bin/../lib/gcc/avr/4.3.3/avr5\libgcc.a(_fixunssfsi.o)
 .debug_info    0x000000b1      0x47a c:/users/20101/desktop/study/embedded/avr material/sdk_win_64/sdk_win_64/sdk_win_64/winavr/bin/../lib/gcc/avr/4.3.3/avr5\libgcc.a(_addsub_sf.o)
 .debug_info    0x0000052b      0x485 c:/users/20101/desktop/study/embedded/avr material/sdk_win_64/sdk_win_64/sdk_win_64/winavr/bin/../lib/gcc/avr/4.3.3/avr5\libgcc.a(_mul_sf.o)
 .debug_info    0x000009b0      0x3fc c:/users/20101/desktop/study/embedded/avr material/sdk_win_64/sdk_win_64/sdk_win_64/winavr/bin/../lib/gcc/avr/4.3.3/avr5\libgcc.a(_div_sf.o)
 .debug_info    0x00000dac      0x27f c:/users/20101/desktop/study/embedded/avr material/sdk_win_64/sdk_win_64/sdk_win_64/winavr/bin/../lib/gcc/avr/4.3.3/avr5\libgcc.a(_eq_sf.o)
 .debug_info    0x0000102b      0x27f c:/users/20101/desktop/study/embedded/avr material/sdk_win_64/sdk_win_64/sdk_win_64/winavr/bin/../lib/gcc/avr/4.3.3/avr5\libgcc.a(_ge_sf.o)
 .debug_info    0x000012aa      0x27f c:/users/20101/desktop/study/embedded/avr material/sdk_win_64/sdk_win_64/sdk_win_64/winavr/bin/../lib/gcc/avr/4.3.3/avr5\libgcc.a(_lt_sf.o)
 .debug_info    0x00001529      0x207 c:/users/20101/desktop/study/embedded/avr material/sdk_win_64/sdk_win_64/sdk_win_64/winavr/bin/../lib/gcc/avr/4.3.3/avr5\libgcc.a(_si_to_sf.o)
 .debug_info    0x00001730      0x2b0 c:/users/20101/desktop/study/embedded/avr material/sdk_win_64/sdk_win_64/sdk_win_64/winavr/bin/../lib/gcc/avr/4.3.3/avr5\libgcc.a(_sf_to_si.o)
 .debug_info    0x000019e0      0x12c c:/users/20101/desktop/study/embedded/avr material/sdk_win_64/sdk_win_64/sdk_win_64/winavr/bin/../lib/gcc/avr/4.3.3/avr5\libgcc.a(_thenan_sf.o)
 .debug_info    0x00001b0c      0x206 c:/users/20101/desktop/study/embedded/avr material/sdk_win_64/sdk_win_64/sdk_win_64/winavr/bin/../lib/gcc/avr/4.3.3/avr5\libgcc.a(_usi_to_sf.o)
 .debug_info    0x00001d12      0x117 c:/users/20101/desktop/study/embedded/avr material/sdk_win_64/sdk_win_64/sdk_win_64/winavr/bin/../lib/gcc/avr/4.3.3/avr5\libgcc.a(_clzsi2.o)
 .debug_info    0x00001e29      0x2df c:/users/20101/desktop/study/embedded/avr material/sdk_win_64/sdk_win_64/sdk_win_64/winavr/bin/../lib/gcc/avr/4.3.3/avr5\libgcc.a(_pack_sf.o)
 .debug_info    0x00002108      0x251 c:/users/20101/desktop/study/embedded/avr material/sdk_win_64/sdk_win_64/sdk_win_64/winavr/bin/../lib/gcc/avr/4.3.3/avr5\libgcc.a(_unpack_sf.o)
 .debug_info    0x00002359      0x210 c:/users/20101/desktop/study/embedded/avr material/sdk_win_64/sdk_win_64/sdk_win_64/winavr/bin/../lib/gcc/avr/4.3.3/avr5\libgcc.a(_fpcmp_parts_sf.o)
 .debug_info    0x00002569       0xa9 c:/users/20101/desktop/study/embedded/avr material/sdk_win_64/sdk_win_64/sdk_win_64/winavr/bin/../lib/gcc/avr/4.3.3/avr5\libgcc.a(_clz.o)
 *(.gnu.linkonce.wi.*)

.debug_abbrev   0x00000000     0x14ce
 *(.debug_abbrev)
 .debug_abbrev  0x00000000       0x5d c:/users/20101/desktop/study/embedded/avr material/sdk_win_64/sdk_win_64/sdk_win_64/winavr/bin/../lib/gcc/avr/4.3.3/avr5\libgcc.a(_fixunssfsi.o)
 .debug_abbrev  0x0000005d      0x1ea c:/users/20101/desktop/study/embedded/avr material/sdk_win_64/sdk_win_64/sdk_win_64/winavr/bin/../lib/gcc/avr/4.3.3/avr5\libgcc.a(_addsub_sf.o)
 .debug_abbrev  0x00000247      0x21b c:/users/20101/desktop/study/embedded/avr material/sdk_win_64/sdk_win_64/sdk_win_64/winavr/bin/../lib/gcc/avr/4.3.3/avr5\libgcc.a(_mul_sf.o)
 .debug_abbrev  0x00000462      0x216 c:/users/20101/desktop/study/embedded/avr material/sdk_win_64/sdk_win_64/sdk_win_64/winavr/bin/../lib/gcc/avr/4.3.3/avr5\libgcc.a(_div_sf.o)
 .debug_abbrev  0x00000678      0x15a c:/users/20101/desktop/study/embedded/avr material/sdk_win_64/sdk_win_64/sdk_win_64/winavr/bin/../lib/gcc/avr/4.3.3/avr5\libgcc.a(_eq_sf.o)
 .debug_abbrev  0x000007d2      0x15a c:/users/20101/desktop/study/embedded/avr material/sdk_win_64/sdk_win_64/sdk_win_64/winavr/bin/../lib/gcc/avr/4.3.3/avr5\libgcc.a(_ge_sf.o)
 .debug_abbrev  0x0000092c      0x15a c:/users/20101/desktop/study/embedded/avr material/sdk_win_64/sdk_win_64/sdk_win_64/winavr/bin/../lib/gcc/avr/4.3.3/avr5\libgcc.a(_lt_sf.o)
 .debug_abbrev  0x00000a86      0x148 c:/users/20101/desktop/study/embedded/avr material/sdk_win_64/sdk_win_64/sdk_win_64/winavr/bin/../lib/gcc/avr/4.3.3/avr5\libgcc.a(_si_to_sf.o)
 .debug_abbrev  0x00000bce      0x17f c:/users/20101/desktop/study/embedded/avr material/sdk_win_64/sdk_win_64/sdk_win_64/winavr/bin/../lib/gcc/avr/4.3.3/avr5\libgcc.a(_sf_to_si.o)
 .debug_abbrev  0x00000d4d       0xad c:/users/20101/desktop/study/embedded/avr material/sdk_win_64/sdk_win_64/sdk_win_64/winavr/bin/../lib/gcc/avr/4.3.3/avr5\libgcc.a(_thenan_sf.o)
 .debug_abbrev  0x00000dfa      0x157 c:/users/20101/desktop/study/embedded/avr material/sdk_win_64/sdk_win_64/sdk_win_64/winavr/bin/../lib/gcc/avr/4.3.3/avr5\libgcc.a(_usi_to_sf.o)
 .debug_abbrev  0x00000f51       0xc4 c:/users/20101/desktop/study/embedded/avr material/sdk_win_64/sdk_win_64/sdk_win_64/winavr/bin/../lib/gcc/avr/4.3.3/avr5\libgcc.a(_clzsi2.o)
 .debug_abbrev  0x00001015      0x1c0 c:/users/20101/desktop/study/embedded/avr material/sdk_win_64/sdk_win_64/sdk_win_64/winavr/bin/../lib/gcc/avr/4.3.3/avr5\libgcc.a(_pack_sf.o)
 .debug_abbrev  0x000011d5      0x154 c:/users/20101/desktop/study/embedded/avr material/sdk_win_64/sdk_win_64/sdk_win_64/winavr/bin/../lib/gcc/avr/4.3.3/avr5\libgcc.a(_unpack_sf.o)
 .debug_abbrev  0x00001329      0x13b c:/users/20101/desktop/study/embedded/avr material/sdk_win_64/sdk_win_64/sdk_win_64/winavr/bin/../lib/gcc/avr/4.3.3/avr5\libgcc.a(_fpcmp_parts_sf.o)
 .debug_abbrev  0x00001464       0x6a c:/users/20101/desktop/study/embedded/avr material/sdk_win_64/sdk_win_64/sdk_win_64/winavr/bin/../lib/gcc/avr/4.3.3/avr5\libgcc.a(_clz.o)

.debug_line     0x00000000     0x130b
 *(.debug_line)
 .debug_line    0x00000000       0xa7 c:/users/20101/desktop/study/embedded/avr material/sdk_win_64/sdk_win_64/sdk_win_64/winavr/bin/../lib/gcc/avr/4.3.3/avr5\libgcc.a(_fixunssfsi.o)
 .debug_line    0x000000a7      0x2af c:/users/20101/desktop/study/embedded/avr material/sdk_win_64/sdk_win_64/sdk_win_64/winavr/bin/../lib/gcc/avr/4.3.3/avr5\libgcc.a(_addsub_sf.o)
 .debug_line    0x00000356      0x239 c:/users/20101/desktop/study/embedded/avr material/sdk_win_64/sdk_win_64/sdk_win_64/winavr/bin/../lib/gcc/avr/4.3.3/avr5\libgcc.a(_mul_sf.o)
 .debug_line    0x0000058f      0x1d5 c:/users/20101/desktop/study/embedded/avr material/sdk_win_64/sdk_win_64/sdk_win_64/winavr/bin/../lib/gcc/avr/4.3.3/avr5\libgcc.a(_div_sf.o)
 .debug_line    0x00000764       0xd3 c:/users/20101/desktop/study/embedded/avr material/sdk_win_64/sdk_win_64/sdk_win_64/winavr/bin/../lib/gcc/avr/4.3.3/avr5\libgcc.a(_eq_sf.o)
 .debug_line    0x00000837       0xd3 c:/users/20101/desktop/study/embedded/avr material/sdk_win_64/sdk_win_64/sdk_win_64/winavr/bin/../lib/gcc/avr/4.3.3/avr5\libgcc.a(_ge_sf.o)
 .debug_line    0x0000090a       0xd3 c:/users/20101/desktop/study/embedded/avr material/sdk_win_64/sdk_win_64/sdk_win_64/winavr/bin/../lib/gcc/avr/4.3.3/avr5\libgcc.a(_lt_sf.o)
 .debug_line    0x000009dd      0x135 c:/users/20101/desktop/study/embedded/avr material/sdk_win_64/sdk_win_64/sdk_win_64/winavr/bin/../lib/gcc/avr/4.3.3/avr5\libgcc.a(_si_to_sf.o)
 .debug_line    0x00000b12      0x109 c:/users/20101/desktop/study/embedded/avr material/sdk_win_64/sdk_win_64/sdk_win_64/winavr/bin/../lib/gcc/avr/4.3.3/avr5\libgcc.a(_sf_to_si.o)
 .debug_line    0x00000c1b       0x90 c:/users/20101/desktop/study/embedded/avr material/sdk_win_64/sdk_win_64/sdk_win_64/winavr/bin/../lib/gcc/avr/4.3.3/avr5\libgcc.a(_thenan_sf.o)
 .debug_line    0x00000cab      0x133 c:/users/20101/desktop/study/embedded/avr material/sdk_win_64/sdk_win_64/sdk_win_64/winavr/bin/../lib/gcc/avr/4.3.3/avr5\libgcc.a(_usi_to_sf.o)
 .debug_line    0x00000dde       0xa5 c:/users/20101/desktop/study/embedded/avr material/sdk_win_64/sdk_win_64/sdk_win_64/winavr/bin/../lib/gcc/avr/4.3.3/avr5\libgcc.a(_clzsi2.o)
 .debug_line    0x00000e83      0x18a c:/users/20101/desktop/study/embedded/avr material/sdk_win_64/sdk_win_64/sdk_win_64/winavr/bin/../lib/gcc/avr/4.3.3/avr5\libgcc.a(_pack_sf.o)
 .debug_line    0x0000100d      0x14b c:/users/20101/desktop/study/embedded/avr material/sdk_win_64/sdk_win_64/sdk_win_64/winavr/bin/../lib/gcc/avr/4.3.3/avr5\libgcc.a(_unpack_sf.o)
 .debug_line    0x00001158      0x137 c:/users/20101/desktop/study/embedded/avr material/sdk_win_64/sdk_win_64/sdk_win_64/winavr/bin/../lib/gcc/avr/4.3.3/avr5\libgcc.a(_fpcmp_parts_sf.o)
 .debug_line    0x0000128f       0x7c c:/users/20101/desktop/study/embedded/avr material/sdk_win_64/sdk_win_64/sdk_win_64/winavr/bin/../lib/gcc/avr/4.3.3/avr5\libgcc.a(_clz.o)

.debug_frame    0x00000000      0x1e0
 *(.debug_frame)
 .debug_frame   0x00000000       0x20 c:/users/20101/desktop/study/embedded/avr material/sdk_win_64/sdk_win_64/sdk_win_64/winavr/bin/../lib/gcc/avr/4.3.3/avr5\libgcc.a(_fixunssfsi.o)
 .debug_frame   0x00000020       0x40 c:/users/20101/desktop/study/embedded/avr material/sdk_win_64/sdk_win_64/sdk_win_64/winavr/bin/../lib/gcc/avr/4.3.3/avr5\libgcc.a(_addsub_sf.o)
 .debug_frame   0x00000060       0x20 c:/users/20101/desktop/study/embedded/avr material/sdk_win_64/sdk_win_64/sdk_win_64/winavr/bin/../lib/gcc/avr/4.3.3/avr5\libgcc.a(_mul_sf.o)
 .debug_frame   0x00000080       0x20 c:/users/20101/desktop/study/embedded/avr material/sdk_win_64/sdk_win_64/sdk_win_64/winavr/bin/../lib/gcc/avr/4.3.3/avr5\libgcc.a(_div_sf.o)
 .debug_frame   0x000000a0       0x20 c:/users/20101/desktop/study/embedded/avr material/sdk_win_64/sdk_win_64/sdk_win_64/winavr/bin/../lib/gcc/avr/4.3.3/avr5\libgcc.a(_eq_sf.o)
 .debug_frame   0x000000c0       0x20 c:/users/20101/desktop/study/embedded/avr material/sdk_win_64/sdk_win_64/sdk_win_64/winavr/bin/../lib/gcc/avr/4.3.3/avr5\libgcc.a(_ge_sf.o)
 .debug_frame   0x000000e0       0x20 c:/users/20101/desktop/study/embedded/avr material/sdk_win_64/sdk_win_64/sdk_win_64/winavr/bin/../lib/gcc/avr/4.3.3/avr5\libgcc.a(_lt_sf.o)
 .debug_frame   0x00000100       0x20 c:/users/20101/desktop/study/embedded/avr material/sdk_win_64/sdk_win_64/sdk_win_64/winavr/bin/../lib/gcc/avr/4.3.3/avr5\libgcc.a(_si_to_sf.o)
 .debug_frame   0x00000120       0x20 c:/users/20101/desktop/study/embedded/avr material/sdk_win_64/sdk_win_64/sdk_win_64/winavr/bin/../lib/gcc/avr/4.3.3/avr5\libgcc.a(_sf_to_si.o)
 .debug_frame   0x00000140       0x20 c:/users/20101/desktop/study/embedded/avr material/sdk_win_64/sdk_win_64/sdk_win_64/winavr/bin/../lib/gcc/avr/4.3.3/avr5\libgcc.a(_usi_to_sf.o)
 .debug_frame   0x00000160       0x20 c:/users/20101/desktop/study/embedded/avr material/sdk_win_64/sdk_win_64/sdk_win_64/winavr/bin/../lib/gcc/avr/4.3.3/avr5\libgcc.a(_clzsi2.o)
 .debug_frame   0x00000180       0x20 c:/users/20101/desktop/study/embedded/avr material/sdk_win_64/sdk_win_64/sdk_win_64/winavr/bin/../lib/gcc/avr/4.3.3/avr5\libgcc.a(_pack_sf.o)
 .debug_frame   0x000001a0       0x20 c:/users/20101/desktop/study/embedded/avr material/sdk_win_64/sdk_win_64/sdk_win_64/winavr/bin/../lib/gcc/avr/4.3.3/avr5\libgcc.a(_unpack_sf.o)
 .debug_frame   0x000001c0       0x20 c:/users/20101/desktop/study/embedded/avr material/sdk_win_64/sdk_win_64/sdk_win_64/winavr/bin/../lib/gcc/avr/4.3.3/avr5\libgcc.a(_fpcmp_parts_sf.o)

.debug_str      0x00000000      0x307
 *(.debug_str)
 .debug_str     0x00000000       0xbf c:/users/20101/desktop/study/embedded/avr material/sdk_win_64/sdk_win_64/sdk_win_64/winavr/bin/../lib/gcc/avr/4.3.3/avr5\libgcc.a(_fixunssfsi.o)
                                 0xfe (size before relaxing)
 .debug_str     0x000000bf      0x14d c:/users/20101/desktop/study/embedded/avr material/sdk_win_64/sdk_win_64/sdk_win_64/winavr/bin/../lib/gcc/avr/4.3.3/avr5\libgcc.a(_addsub_sf.o)
                                0x206 (size before relaxing)
 .debug_str     0x0000020c       0x27 c:/users/20101/desktop/study/embedded/avr material/sdk_win_64/sdk_win_64/sdk_win_64/winavr/bin/../lib/gcc/avr/4.3.3/avr5\libgcc.a(_mul_sf.o)
                                0x1bf (size before relaxing)
 .debug_str     0x00000233       0x35 c:/users/20101/desktop/study/embedded/avr material/sdk_win_64/sdk_win_64/sdk_win_64/winavr/bin/../lib/gcc/avr/4.3.3/avr5\libgcc.a(_div_sf.o)
                                0x1c8 (size before relaxing)
 .debug_str     0x00000268        0x8 c:/users/20101/desktop/study/embedded/avr material/sdk_win_64/sdk_win_64/sdk_win_64/winavr/bin/../lib/gcc/avr/4.3.3/avr5\libgcc.a(_eq_sf.o)
                                0x195 (size before relaxing)
 .debug_str     0x00000270        0x8 c:/users/20101/desktop/study/embedded/avr material/sdk_win_64/sdk_win_64/sdk_win_64/winavr/bin/../lib/gcc/avr/4.3.3/avr5\libgcc.a(_ge_sf.o)
                                0x195 (size before relaxing)
 .debug_str     0x00000278        0x8 c:/users/20101/desktop/study/embedded/avr material/sdk_win_64/sdk_win_64/sdk_win_64/winavr/bin/../lib/gcc/avr/4.3.3/avr5\libgcc.a(_lt_sf.o)
                                0x195 (size before relaxing)
 .debug_str     0x00000280       0x1e c:/users/20101/desktop/study/embedded/avr material/sdk_win_64/sdk_win_64/sdk_win_64/winavr/bin/../lib/gcc/avr/4.3.3/avr5\libgcc.a(_si_to_sf.o)
                                0x17b (size before relaxing)
 .debug_str     0x0000029e        0xa c:/users/20101/desktop/study/embedded/avr material/sdk_win_64/sdk_win_64/sdk_win_64/winavr/bin/../lib/gcc/avr/4.3.3/avr5\libgcc.a(_sf_to_si.o)
                                0x19e (size before relaxing)
 .debug_str     0x00000000      0x103 c:/users/20101/desktop/study/embedded/avr material/sdk_win_64/sdk_win_64/sdk_win_64/winavr/bin/../lib/gcc/avr/4.3.3/avr5\libgcc.a(_thenan_sf.o)
 .debug_str     0x000002a8       0x14 c:/users/20101/desktop/study/embedded/avr material/sdk_win_64/sdk_win_64/sdk_win_64/winavr/bin/../lib/gcc/avr/4.3.3/avr5\libgcc.a(_usi_to_sf.o)
                                0x177 (size before relaxing)
 .debug_str     0x000002bc       0x20 c:/users/20101/desktop/study/embedded/avr material/sdk_win_64/sdk_win_64/sdk_win_64/winavr/bin/../lib/gcc/avr/4.3.3/avr5\libgcc.a(_clzsi2.o)
                                0x111 (size before relaxing)
 .debug_str     0x000002dc       0x10 c:/users/20101/desktop/study/embedded/avr material/sdk_win_64/sdk_win_64/sdk_win_64/winavr/bin/../lib/gcc/avr/4.3.3/avr5\libgcc.a(_pack_sf.o)
                                0x19d (size before relaxing)
 .debug_str     0x000002ec        0xb c:/users/20101/desktop/study/embedded/avr material/sdk_win_64/sdk_win_64/sdk_win_64/winavr/bin/../lib/gcc/avr/4.3.3/avr5\libgcc.a(_unpack_sf.o)
                                0x17f (size before relaxing)
 .debug_str     0x000002f7       0x10 c:/users/20101/desktop/study/embedded/avr material/sdk_win_64/sdk_win_64/sdk_win_64/winavr/bin/../lib/gcc/avr/4.3.3/avr5\libgcc.a(_fpcmp_parts_sf.o)
                                0x163 (size before relaxing)
 .debug_str     0x00000000       0xf4 c:/users/20101/desktop/study/embedded/avr material/sdk_win_64/sdk_win_64/sdk_win_64/winavr/bin/../lib/gcc/avr/4.3.3/avr5\libgcc.a(_clz.o)

.debug_loc      0x00000000      0xa1a
 *(.debug_loc)
 .debug_loc     0x00000000       0x34 c:/users/20101/desktop/study/embedded/avr material/sdk_win_64/sdk_win_64/sdk_win_64/winavr/bin/../lib/gcc/avr/4.3.3/avr5\libgcc.a(_fixunssfsi.o)
 .debug_loc     0x00000034      0x32a c:/users/20101/desktop/study/embedded/avr material/sdk_win_64/sdk_win_64/sdk_win_64/winavr/bin/../lib/gcc/avr/4.3.3/avr5\libgcc.a(_addsub_sf.o)
 .debug_loc     0x0000035e      0x104 c:/users/20101/desktop/study/embedded/avr material/sdk_win_64/sdk_win_64/sdk_win_64/winavr/bin/../lib/gcc/avr/4.3.3/avr5\libgcc.a(_mul_sf.o)
 .debug_loc     0x00000462       0xc0 c:/users/20101/desktop/study/embedded/avr material/sdk_win_64/sdk_win_64/sdk_win_64/winavr/bin/../lib/gcc/avr/4.3.3/avr5\libgcc.a(_div_sf.o)
 .debug_loc     0x00000522       0x3c c:/users/20101/desktop/study/embedded/avr material/sdk_win_64/sdk_win_64/sdk_win_64/winavr/bin/../lib/gcc/avr/4.3.3/avr5\libgcc.a(_eq_sf.o)
 .debug_loc     0x0000055e       0x3c c:/users/20101/desktop/study/embedded/avr material/sdk_win_64/sdk_win_64/sdk_win_64/winavr/bin/../lib/gcc/avr/4.3.3/avr5\libgcc.a(_ge_sf.o)
 .debug_loc     0x0000059a       0x3c c:/users/20101/desktop/study/embedded/avr material/sdk_win_64/sdk_win_64/sdk_win_64/winavr/bin/../lib/gcc/avr/4.3.3/avr5\libgcc.a(_lt_sf.o)
 .debug_loc     0x000005d6       0xac c:/users/20101/desktop/study/embedded/avr material/sdk_win_64/sdk_win_64/sdk_win_64/winavr/bin/../lib/gcc/avr/4.3.3/avr5\libgcc.a(_si_to_sf.o)
 .debug_loc     0x00000682       0x7e c:/users/20101/desktop/study/embedded/avr material/sdk_win_64/sdk_win_64/sdk_win_64/winavr/bin/../lib/gcc/avr/4.3.3/avr5\libgcc.a(_sf_to_si.o)
 .debug_loc     0x00000700       0x4c c:/users/20101/desktop/study/embedded/avr material/sdk_win_64/sdk_win_64/sdk_win_64/winavr/bin/../lib/gcc/avr/4.3.3/avr5\libgcc.a(_usi_to_sf.o)
 .debug_loc     0x0000074c       0x94 c:/users/20101/desktop/study/embedded/avr material/sdk_win_64/sdk_win_64/sdk_win_64/winavr/bin/../lib/gcc/avr/4.3.3/avr5\libgcc.a(_clzsi2.o)
 .debug_loc     0x000007e0      0x13e c:/users/20101/desktop/study/embedded/avr material/sdk_win_64/sdk_win_64/sdk_win_64/winavr/bin/../lib/gcc/avr/4.3.3/avr5\libgcc.a(_pack_sf.o)
 .debug_loc     0x0000091e       0xac c:/users/20101/desktop/study/embedded/avr material/sdk_win_64/sdk_win_64/sdk_win_64/winavr/bin/../lib/gcc/avr/4.3.3/avr5\libgcc.a(_unpack_sf.o)
 .debug_loc     0x000009ca       0x50 c:/users/20101/desktop/study/embedded/avr material/sdk_win_64/sdk_win_64/sdk_win_64/winavr/bin/../lib/gcc/avr/4.3.3/avr5\libgcc.a(_fpcmp_parts_sf.o)

.debug_macinfo
 *(.debug_macinfo)
OUTPUT(NTIavr.elf elf32-avr)
LOAD linker stubs

.debug_ranges   0x00000000       0x50
 .debug_ranges  0x00000000       0x50 c:/users/20101/desktop/study/embedded/avr material/sdk_win_64/sdk_win_64/sdk_win_64/winavr/bin/../lib/gcc/avr/4.3.3/avr5\libgcc.a(_mul_sf.o)
